\unset ECHO
1..105
ok 1 - simple function should pass
ok 2 - simple function should have the proper description
ok 3 - simple function should have the proper diagnostics
ok 4 - simple schema.function should pass
ok 5 - simple schema.function should have the proper description
ok 6 - simple schema.function should have the proper diagnostics
ok 7 - simple function desc should pass
ok 8 - simple function desc should have the proper description
ok 9 - simple function desc should have the proper diagnostics
ok 10 - simple with 0 args should pass
ok 11 - simple with 0 args should have the proper description
ok 12 - simple with 0 args should have the proper diagnostics
ok 13 - simple with 0 args desc should pass
ok 14 - simple with 0 args desc should have the proper description
ok 15 - simple with 0 args desc should have the proper diagnostics
ok 16 - simple schema.func with 0 args should pass
ok 17 - simple schema.func with 0 args should have the proper description
ok 18 - simple schema.func with 0 args should have the proper diagnostics
ok 19 - simple schema.func with desc should pass
ok 20 - simple schema.func with desc should have the proper description
ok 21 - simple schema.func with desc should have the proper diagnostics
ok 22 - simple scchma.func with 0 args, desc should pass
ok 23 - simple scchma.func with 0 args, desc should have the proper description
ok 24 - simple scchma.func with 0 args, desc should have the proper diagnostics
ok 25 - simple function with 1 arg should pass
ok 26 - simple function with 1 arg should have the proper description
ok 27 - simple function with 1 arg should have the proper diagnostics
ok 28 - simple function with 2 args should pass
ok 29 - simple function with 2 args should have the proper description
ok 30 - simple function with 2 args should have the proper diagnostics
ok 31 - simple array function should pass
ok 32 - simple array function should have the proper description
ok 33 - simple array function should have the proper diagnostics
ok 34 - custom array function should pass
ok 35 - custom array function should have the proper description
ok 36 - custom array function should have the proper diagnostics
ok 37 - custom numeric function should pass
ok 38 - custom numeric function should have the proper description
ok 39 - custom numeric function should have the proper diagnostics
ok 40 - failure output should fail
ok 41 - failure output should have the proper description
ok 42 - failure output should have the proper diagnostics
ok 43 - simple function should pass
ok 44 - simple function should have the proper description
ok 45 - simple function should have the proper diagnostics
ok 46 - simple schema.function should pass
ok 47 - simple schema.function should have the proper description
ok 48 - simple schema.function should have the proper diagnostics
ok 49 - simple function desc should pass
ok 50 - simple function desc should have the proper description
ok 51 - simple function desc should have the proper diagnostics
ok 52 - simple with 0 args should pass
ok 53 - simple with 0 args should have the proper description
ok 54 - simple with 0 args should have the proper diagnostics
ok 55 - simple with 0 args desc should pass
ok 56 - simple with 0 args desc should have the proper description
ok 57 - simple with 0 args desc should have the proper diagnostics
ok 58 - simple schema.func with 0 args should pass
ok 59 - simple schema.func with 0 args should have the proper description
ok 60 - simple schema.func with 0 args should have the proper diagnostics
ok 61 - simple schema.func with desc should pass
ok 62 - simple schema.func with desc should have the proper description
ok 63 - simple schema.func with desc should have the proper diagnostics
ok 64 - simple scchma.func with 0 args, desc should pass
ok 65 - simple scchma.func with 0 args, desc should have the proper description
ok 66 - simple scchma.func with 0 args, desc should have the proper diagnostics
ok 67 - simple function with 1 arg should pass
ok 68 - simple function with 1 arg should have the proper description
ok 69 - simple function with 1 arg should have the proper diagnostics
ok 70 - simple function with 2 args should pass
ok 71 - simple function with 2 args should have the proper description
ok 72 - simple function with 2 args should have the proper diagnostics
ok 73 - simple array function should pass
ok 74 - simple array function should have the proper description
ok 75 - simple array function should have the proper diagnostics
ok 76 - custom array function should pass
ok 77 - custom array function should have the proper description
ok 78 - custom array function should have the proper diagnostics
ok 79 - custom numeric function should pass
ok 80 - custom numeric function should have the proper description
ok 81 - custom numeric function should have the proper diagnostics
ok 82 - failure output should fail
ok 83 - failure output should have the proper description
ok 84 - failure output should have the proper diagnostics
ok 85 - can(schema) with desc should pass
ok 86 - can(schema) with desc should have the proper description
ok 87 - can(schema) with desc should have the proper diagnostics
ok 88 - can(schema) should pass
ok 89 - can(schema) should have the proper description
ok 90 - can(schema) should have the proper diagnostics
ok 91 - fail can(schema) with desc should fail
ok 92 - fail can(schema) with desc should have the proper description
ok 93 - fail can(schema) with desc should have the proper diagnostics
ok 94 - fail can(someschema) with desc should fail
ok 95 - fail can(someschema) with desc should have the proper description
ok 96 - fail can(someschema) with desc should have the proper diagnostics
ok 97 - can() with desc should pass
ok 98 - can() with desc should have the proper description
ok 99 - can() with desc should have the proper diagnostics
ok 100 - can(schema) should pass
ok 101 - can(schema) should have the proper description
ok 102 - can(schema) should have the proper diagnostics
ok 103 - fail can() with desc should fail
ok 104 - fail can() with desc should have the proper description
ok 105 - fail can() with desc should have the proper diagnostics
