\unset ECHO
1..558
ok 1 - has_tablespace(non-existent tablespace) should fail
ok 2 - has_tablespace(non-existent tablespace) should have the proper description
ok 3 - has_tablespace(non-existent tablespace) should have the proper diagnostics
ok 4 - has_tablespace(non-existent tablespace, tab) should fail
ok 5 - has_tablespace(non-existent tablespace, tab) should have the proper description
ok 6 - has_tablespace(non-existent tablespace, tab) should have the proper diagnostics
ok 7 - has_tablespace(tablespace) should pass
ok 8 - has_tablespace(tablespace) should have the proper description
ok 9 - has_tablespace(tablespace) should have the proper diagnostics
ok 10 - has_tablespace(tablespace, desc) should pass
ok 11 - has_tablespace(tablespace, desc) should have the proper description
ok 12 - has_tablespace(tablespace, desc) should have the proper diagnostics
ok 13 - hasnt_tablespace(non-existent tablespace) should pass
ok 14 - hasnt_tablespace(non-existent tablespace) should have the proper description
ok 15 - hasnt_tablespace(non-existent tablespace) should have the proper diagnostics
ok 16 - hasnt_tablespace(non-existent tablespace, tab) should pass
ok 17 - hasnt_tablespace(non-existent tablespace, tab) should have the proper description
ok 18 - hasnt_tablespace(non-existent tablespace, tab) should have the proper diagnostics
ok 19 - hasnt_tablespace(pg_default) should fail
ok 20 - hasnt_tablespace(pg_default) should have the proper description
ok 21 - hasnt_tablespace(pg_default) should have the proper diagnostics
ok 22 - hasnt_tablespace(tablespace, desc) should fail
ok 23 - hasnt_tablespace(tablespace, desc) should have the proper description
ok 24 - hasnt_tablespace(tablespace, desc) should have the proper diagnostics
ok 25 - has_schema(non-existent schema) should fail
ok 26 - has_schema(non-existent schema) should have the proper description
ok 27 - has_schema(non-existent schema) should have the proper diagnostics
ok 28 - has_schema(non-existent schema, tab) should fail
ok 29 - has_schema(non-existent schema, tab) should have the proper description
ok 30 - has_schema(non-existent schema, tab) should have the proper diagnostics
ok 31 - has_schema(schema) should pass
ok 32 - has_schema(schema) should have the proper description
ok 33 - has_schema(schema) should have the proper diagnostics
ok 34 - has_schema(schema, desc) should pass
ok 35 - has_schema(schema, desc) should have the proper description
ok 36 - has_schema(schema, desc) should have the proper diagnostics
ok 37 - hasnt_schema(non-existent schema) should pass
ok 38 - hasnt_schema(non-existent schema) should have the proper description
ok 39 - hasnt_schema(non-existent schema) should have the proper diagnostics
ok 40 - hasnt_schema(non-existent schema, tab) should pass
ok 41 - hasnt_schema(non-existent schema, tab) should have the proper description
ok 42 - hasnt_schema(non-existent schema, tab) should have the proper diagnostics
ok 43 - hasnt_schema(schema) should fail
ok 44 - hasnt_schema(schema) should have the proper description
ok 45 - hasnt_schema(schema) should have the proper diagnostics
ok 46 - hasnt_schema(schema, desc) should fail
ok 47 - hasnt_schema(schema, desc) should have the proper description
ok 48 - hasnt_schema(schema, desc) should have the proper diagnostics
ok 49 - has_table(non-existent table) should fail
ok 50 - has_table(non-existent table) should have the proper description
ok 51 - has_table(non-existent table) should have the proper diagnostics
ok 52 - has_table(non-existent schema, tab) should fail
ok 53 - has_table(non-existent schema, tab) should have the proper description
ok 54 - has_table(non-existent schema, tab) should have the proper diagnostics
ok 55 - has_table(sch, non-existent table, desc) should fail
ok 56 - has_table(sch, non-existent table, desc) should have the proper description
ok 57 - has_table(sch, non-existent table, desc) should have the proper diagnostics
ok 58 - has_table(tab, desc) should pass
ok 59 - has_table(tab, desc) should have the proper description
ok 60 - has_table(tab, desc) should have the proper diagnostics
ok 61 - has_table(sch, tab, desc) should pass
ok 62 - has_table(sch, tab, desc) should have the proper description
ok 63 - has_table(sch, tab, desc) should have the proper diagnostics
ok 64 - has_table(sch, view, desc) should fail
ok 65 - has_table(sch, view, desc) should have the proper description
ok 66 - has_table(sch, view, desc) should have the proper diagnostics
ok 67 - has_table(type, desc) should fail
ok 68 - has_table(type, desc) should have the proper description
ok 69 - has_table(type, desc) should have the proper diagnostics
ok 70 - hasnt_table(non-existent table) should pass
ok 71 - hasnt_table(non-existent table) should have the proper description
ok 72 - hasnt_table(non-existent table) should have the proper diagnostics
ok 73 - hasnt_table(non-existent schema, tab) should pass
ok 74 - hasnt_table(non-existent schema, tab) should have the proper description
ok 75 - hasnt_table(non-existent schema, tab) should have the proper diagnostics
ok 76 - hasnt_table(sch, non-existent tab, desc) should pass
ok 77 - hasnt_table(sch, non-existent tab, desc) should have the proper description
ok 78 - hasnt_table(sch, non-existent tab, desc) should have the proper diagnostics
ok 79 - hasnt_table(tab, desc) should fail
ok 80 - hasnt_table(tab, desc) should have the proper description
ok 81 - hasnt_table(tab, desc) should have the proper diagnostics
ok 82 - hasnt_table(sch, tab, desc) should fail
ok 83 - hasnt_table(sch, tab, desc) should have the proper description
ok 84 - hasnt_table(sch, tab, desc) should have the proper diagnostics
ok 85 - has_view(non-existent view) should fail
ok 86 - has_view(non-existent view) should have the proper description
ok 87 - has_view(non-existent view) should have the proper diagnostics
ok 88 - has_view(non-existent view, desc) should fail
ok 89 - has_view(non-existent view, desc) should have the proper description
ok 90 - has_view(non-existent view, desc) should have the proper diagnostics
ok 91 - has_view(sch, non-existtent view, desc) should fail
ok 92 - has_view(sch, non-existtent view, desc) should have the proper description
ok 93 - has_view(sch, non-existtent view, desc) should have the proper diagnostics
ok 94 - has_view(view, desc) should pass
ok 95 - has_view(view, desc) should have the proper description
ok 96 - has_view(view, desc) should have the proper diagnostics
ok 97 - has_view(sch, view, desc) should pass
ok 98 - has_view(sch, view, desc) should have the proper description
ok 99 - has_view(sch, view, desc) should have the proper diagnostics
ok 100 - hasnt_view(non-existent view) should pass
ok 101 - hasnt_view(non-existent view) should have the proper description
ok 102 - hasnt_view(non-existent view) should have the proper diagnostics
ok 103 - hasnt_view(non-existent view, desc) should pass
ok 104 - hasnt_view(non-existent view, desc) should have the proper description
ok 105 - hasnt_view(non-existent view, desc) should have the proper diagnostics
ok 106 - hasnt_view(sch, non-existtent view, desc) should pass
ok 107 - hasnt_view(sch, non-existtent view, desc) should have the proper description
ok 108 - hasnt_view(sch, non-existtent view, desc) should have the proper diagnostics
ok 109 - hasnt_view(view, desc) should fail
ok 110 - hasnt_view(view, desc) should have the proper description
ok 111 - hasnt_view(view, desc) should have the proper diagnostics
ok 112 - hasnt_view(sch, view, desc) should fail
ok 113 - hasnt_view(sch, view, desc) should have the proper description
ok 114 - hasnt_view(sch, view, desc) should have the proper diagnostics
ok 115 - has_sequence(non-existent sequence) should fail
ok 116 - has_sequence(non-existent sequence) should have the proper description
ok 117 - has_sequence(non-existent sequence) should have the proper diagnostics
ok 118 - has_sequence(non-existent sequence, desc) should fail
ok 119 - has_sequence(non-existent sequence, desc) should have the proper description
ok 120 - has_sequence(non-existent sequence, desc) should have the proper diagnostics
ok 121 - has_sequence(sch, non-existtent sequence, desc) should fail
ok 122 - has_sequence(sch, non-existtent sequence, desc) should have the proper description
ok 123 - has_sequence(sch, non-existtent sequence, desc) should have the proper diagnostics
ok 124 - has_sequence(sequence, desc) should pass
ok 125 - has_sequence(sequence, desc) should have the proper description
ok 126 - has_sequence(sequence, desc) should have the proper diagnostics
ok 127 - has_sequence(sch, sequence, desc) should pass
ok 128 - has_sequence(sch, sequence, desc) should have the proper description
ok 129 - has_sequence(sch, sequence, desc) should have the proper diagnostics
ok 130 - hasnt_sequence(non-existent sequence) should pass
ok 131 - hasnt_sequence(non-existent sequence) should have the proper description
ok 132 - hasnt_sequence(non-existent sequence) should have the proper diagnostics
ok 133 - hasnt_sequence(non-existent sequence, desc) should pass
ok 134 - hasnt_sequence(non-existent sequence, desc) should have the proper description
ok 135 - hasnt_sequence(non-existent sequence, desc) should have the proper diagnostics
ok 136 - hasnt_sequence(sch, non-existtent sequence, desc) should pass
ok 137 - hasnt_sequence(sch, non-existtent sequence, desc) should have the proper description
ok 138 - hasnt_sequence(sch, non-existtent sequence, desc) should have the proper diagnostics
ok 139 - hasnt_sequence(sequence, desc) should fail
ok 140 - hasnt_sequence(sequence, desc) should have the proper description
ok 141 - hasnt_sequence(sequence, desc) should have the proper diagnostics
ok 142 - hasnt_sequence(sch, sequence, desc) should fail
ok 143 - hasnt_sequence(sch, sequence, desc) should have the proper description
ok 144 - hasnt_sequence(sch, sequence, desc) should have the proper diagnostics
ok 145 - has_type(type) should pass
ok 146 - has_type(type) should have the proper description
ok 147 - has_type(type) should have the proper diagnostics
ok 148 - has_type(type, desc) should pass
ok 149 - has_type(type, desc) should have the proper description
ok 150 - has_type(type, desc) should have the proper diagnostics
ok 151 - has_type(scheam, type) should pass
ok 152 - has_type(scheam, type) should have the proper description
ok 153 - has_type(scheam, type) should have the proper diagnostics
ok 154 - has_type(schema, type, desc) should pass
ok 155 - has_type(schema, type, desc) should have the proper description
ok 156 - has_type(schema, type, desc) should have the proper diagnostics
ok 157 - has_type(type) should fail
ok 158 - has_type(type) should have the proper description
ok 159 - has_type(type) should have the proper diagnostics
ok 160 - has_type(type, desc) should fail
ok 161 - has_type(type, desc) should have the proper description
ok 162 - has_type(type, desc) should have the proper diagnostics
ok 163 - has_type(scheam, type) should fail
ok 164 - has_type(scheam, type) should have the proper description
ok 165 - has_type(scheam, type) should have the proper diagnostics
ok 166 - has_type(schema, type, desc) should fail
ok 167 - has_type(schema, type, desc) should have the proper description
ok 168 - has_type(schema, type, desc) should have the proper diagnostics
ok 169 - has_type(domain) should pass
ok 170 - has_type(domain) should have the proper description
ok 171 - has_type(domain) should have the proper diagnostics
ok 172 - hasnt_type(type) should pass
ok 173 - hasnt_type(type) should have the proper description
ok 174 - hasnt_type(type) should have the proper diagnostics
ok 175 - hasnt_type(type, desc) should pass
ok 176 - hasnt_type(type, desc) should have the proper description
ok 177 - hasnt_type(type, desc) should have the proper diagnostics
ok 178 - hasnt_type(scheam, type) should pass
ok 179 - hasnt_type(scheam, type) should have the proper description
ok 180 - hasnt_type(scheam, type) should have the proper diagnostics
ok 181 - hasnt_type(schema, type, desc) should pass
ok 182 - hasnt_type(schema, type, desc) should have the proper description
ok 183 - hasnt_type(schema, type, desc) should have the proper diagnostics
ok 184 - hasnt_type(type) should fail
ok 185 - hasnt_type(type) should have the proper description
ok 186 - hasnt_type(type) should have the proper diagnostics
ok 187 - hasnt_type(type, desc) should fail
ok 188 - hasnt_type(type, desc) should have the proper description
ok 189 - hasnt_type(type, desc) should have the proper diagnostics
ok 190 - hasnt_type(scheam, type) should fail
ok 191 - hasnt_type(scheam, type) should have the proper description
ok 192 - hasnt_type(scheam, type) should have the proper diagnostics
ok 193 - hasnt_type(schema, type, desc) should fail
ok 194 - hasnt_type(schema, type, desc) should have the proper description
ok 195 - hasnt_type(schema, type, desc) should have the proper diagnostics
ok 196 - has_domain(domain) should pass
ok 197 - has_domain(domain) should have the proper description
ok 198 - has_domain(domain) should have the proper diagnostics
ok 199 - has_domain(domain, desc) should pass
ok 200 - has_domain(domain, desc) should have the proper description
ok 201 - has_domain(domain, desc) should have the proper diagnostics
ok 202 - has_domain(scheam, domain) should pass
ok 203 - has_domain(scheam, domain) should have the proper description
ok 204 - has_domain(scheam, domain) should have the proper diagnostics
ok 205 - has_domain(schema, domain, desc) should pass
ok 206 - has_domain(schema, domain, desc) should have the proper description
ok 207 - has_domain(schema, domain, desc) should have the proper diagnostics
ok 208 - has_domain(domain) should fail
ok 209 - has_domain(domain) should have the proper description
ok 210 - has_domain(domain) should have the proper diagnostics
ok 211 - has_domain(domain, desc) should fail
ok 212 - has_domain(domain, desc) should have the proper description
ok 213 - has_domain(domain, desc) should have the proper diagnostics
ok 214 - has_domain(scheam, domain) should fail
ok 215 - has_domain(scheam, domain) should have the proper description
ok 216 - has_domain(scheam, domain) should have the proper diagnostics
ok 217 - has_domain(schema, domain, desc) should fail
ok 218 - has_domain(schema, domain, desc) should have the proper description
ok 219 - has_domain(schema, domain, desc) should have the proper diagnostics
ok 220 - hasnt_domain(domain) should pass
ok 221 - hasnt_domain(domain) should have the proper description
ok 222 - hasnt_domain(domain) should have the proper diagnostics
ok 223 - hasnt_domain(domain, desc) should pass
ok 224 - hasnt_domain(domain, desc) should have the proper description
ok 225 - hasnt_domain(domain, desc) should have the proper diagnostics
ok 226 - hasnt_domain(scheam, domain) should pass
ok 227 - hasnt_domain(scheam, domain) should have the proper description
ok 228 - hasnt_domain(scheam, domain) should have the proper diagnostics
ok 229 - hasnt_domain(schema, domain, desc) should pass
ok 230 - hasnt_domain(schema, domain, desc) should have the proper description
ok 231 - hasnt_domain(schema, domain, desc) should have the proper diagnostics
ok 232 - hasnt_domain(domain) should fail
ok 233 - hasnt_domain(domain) should have the proper description
ok 234 - hasnt_domain(domain) should have the proper diagnostics
ok 235 - hasnt_domain(domain, desc) should fail
ok 236 - hasnt_domain(domain, desc) should have the proper description
ok 237 - hasnt_domain(domain, desc) should have the proper diagnostics
ok 238 - hasnt_domain(scheam, domain) should fail
ok 239 - hasnt_domain(scheam, domain) should have the proper description
ok 240 - hasnt_domain(scheam, domain) should have the proper diagnostics
ok 241 - hasnt_domain(schema, domain, desc) should fail
ok 242 - hasnt_domain(schema, domain, desc) should have the proper description
ok 243 - hasnt_domain(schema, domain, desc) should have the proper diagnostics
ok 244 - has_column(non-existent tab, col) should fail
ok 245 - has_column(non-existent tab, col) should have the proper description
ok 246 - has_column(non-existent tab, col) should have the proper diagnostics
ok 247 - has_column(non-existent tab, col, desc) should fail
ok 248 - has_column(non-existent tab, col, desc) should have the proper description
ok 249 - has_column(non-existent tab, col, desc) should have the proper diagnostics
ok 250 - has_column(non-existent sch, tab, col, desc) should fail
ok 251 - has_column(non-existent sch, tab, col, desc) should have the proper description
ok 252 - has_column(non-existent sch, tab, col, desc) should have the proper diagnostics
ok 253 - has_column(table, column) should pass
ok 254 - has_column(table, column) should have the proper description
ok 255 - has_column(table, column) should have the proper diagnostics
ok 256 - has_column(sch, tab, col, desc) should pass
ok 257 - has_column(sch, tab, col, desc) should have the proper description
ok 258 - has_column(sch, tab, col, desc) should have the proper diagnostics
ok 259 - has_column(view, column) should pass
ok 260 - has_column(view, column) should have the proper description
ok 261 - has_column(view, column) should have the proper diagnostics
ok 262 - has_column(type, column) should pass
ok 263 - has_column(type, column) should have the proper description
ok 264 - has_column(type, column) should have the proper diagnostics
ok 265 - hasnt_column(non-existent tab, col) should pass
ok 266 - hasnt_column(non-existent tab, col) should have the proper description
ok 267 - hasnt_column(non-existent tab, col) should have the proper diagnostics
ok 268 - hasnt_column(non-existent tab, col, desc) should pass
ok 269 - hasnt_column(non-existent tab, col, desc) should have the proper description
ok 270 - hasnt_column(non-existent tab, col, desc) should have the proper diagnostics
ok 271 - hasnt_column(non-existent sch, tab, col, desc) should pass
ok 272 - hasnt_column(non-existent sch, tab, col, desc) should have the proper description
ok 273 - hasnt_column(non-existent sch, tab, col, desc) should have the proper diagnostics
ok 274 - hasnt_column(table, column) should fail
ok 275 - hasnt_column(table, column) should have the proper description
ok 276 - hasnt_column(table, column) should have the proper diagnostics
ok 277 - hasnt_column(sch, tab, col, desc) should fail
ok 278 - hasnt_column(sch, tab, col, desc) should have the proper description
ok 279 - hasnt_column(sch, tab, col, desc) should have the proper diagnostics
ok 280 - hasnt_column(view, column) should pass
ok 281 - hasnt_column(view, column) should have the proper description
ok 282 - hasnt_column(view, column) should have the proper diagnostics
ok 283 - hasnt_column(type, column) should pass
ok 284 - hasnt_column(type, column) should have the proper description
ok 285 - hasnt_column(type, column) should have the proper diagnostics
ok 286 - has_cast( src, targ, schema, func, desc) should pass
ok 287 - has_cast( src, targ, schema, func, desc) should have the proper description
ok 288 - has_cast( src, targ, schema, func, desc) should have the proper diagnostics
ok 289 - has_cast( src, targ, schema, func ) should pass
ok 290 - has_cast( src, targ, schema, func ) should have the proper description
ok 291 - has_cast( src, targ, schema, func ) should have the proper diagnostics
ok 292 - has_cast( src, targ, func, desc ) should pass
ok 293 - has_cast( src, targ, func, desc ) should have the proper description
ok 294 - has_cast( src, targ, func, desc ) should have the proper diagnostics
ok 295 - has_cast( src, targ, func) should pass
ok 296 - has_cast( src, targ, func) should have the proper description
ok 297 - has_cast( src, targ, func) should have the proper diagnostics
ok 298 - has_cast( src, targ, desc ) should pass
ok 299 - has_cast( src, targ, desc ) should have the proper description
ok 300 - has_cast( src, targ, desc ) should have the proper diagnostics
ok 301 - has_cast( src, targ ) should pass
ok 302 - has_cast( src, targ ) should have the proper description
ok 303 - has_cast( src, targ ) should have the proper diagnostics
ok 304 - has_cast( src, targ, schema, func, desc) fail should fail
ok 305 - has_cast( src, targ, schema, func, desc) fail should have the proper description
ok 306 - has_cast( src, targ, schema, func, desc) fail should have the proper diagnostics
ok 307 - has_cast( src, targ, func, desc ) fail should fail
ok 308 - has_cast( src, targ, func, desc ) fail should have the proper description
ok 309 - has_cast( src, targ, func, desc ) fail should have the proper diagnostics
ok 310 - has_cast( src, targ, desc ) fail should fail
ok 311 - has_cast( src, targ, desc ) fail should have the proper description
ok 312 - has_cast( src, targ, desc ) fail should have the proper diagnostics
ok 313 - hasnt_cast( src, targ, schema, func, desc) should fail
ok 314 - hasnt_cast( src, targ, schema, func, desc) should have the proper description
ok 315 - hasnt_cast( src, targ, schema, func, desc) should have the proper diagnostics
ok 316 - hasnt_cast( src, targ, schema, func ) should fail
ok 317 - hasnt_cast( src, targ, schema, func ) should have the proper description
ok 318 - hasnt_cast( src, targ, schema, func ) should have the proper diagnostics
ok 319 - hasnt_cast( src, targ, func, desc ) should fail
ok 320 - hasnt_cast( src, targ, func, desc ) should have the proper description
ok 321 - hasnt_cast( src, targ, func, desc ) should have the proper diagnostics
ok 322 - hasnt_cast( src, targ, func) should fail
ok 323 - hasnt_cast( src, targ, func) should have the proper description
ok 324 - hasnt_cast( src, targ, func) should have the proper diagnostics
ok 325 - hasnt_cast( src, targ, desc ) should fail
ok 326 - hasnt_cast( src, targ, desc ) should have the proper description
ok 327 - hasnt_cast( src, targ, desc ) should have the proper diagnostics
ok 328 - hasnt_cast( src, targ ) should fail
ok 329 - hasnt_cast( src, targ ) should have the proper description
ok 330 - hasnt_cast( src, targ ) should have the proper diagnostics
ok 331 - hasnt_cast( src, targ, schema, func, desc) fail should pass
ok 332 - hasnt_cast( src, targ, schema, func, desc) fail should have the proper description
ok 333 - hasnt_cast( src, targ, schema, func, desc) fail should have the proper diagnostics
ok 334 - hasnt_cast( src, targ, func, desc ) fail should pass
ok 335 - hasnt_cast( src, targ, func, desc ) fail should have the proper description
ok 336 - hasnt_cast( src, targ, func, desc ) fail should have the proper diagnostics
ok 337 - hasnt_cast( src, targ, desc ) fail should pass
ok 338 - hasnt_cast( src, targ, desc ) fail should have the proper description
ok 339 - hasnt_cast( src, targ, desc ) fail should have the proper diagnostics
ok 340 - cast_context_is( src, targ, context, desc ) should pass
ok 341 - cast_context_is( src, targ, context, desc ) should have the proper description
ok 342 - cast_context_is( src, targ, context, desc ) should have the proper diagnostics
ok 343 - cast_context_is( src, targ, context ) should pass
ok 344 - cast_context_is( src, targ, context ) should have the proper description
ok 345 - cast_context_is( src, targ, context ) should have the proper diagnostics
ok 346 - cast_context_is( src, targ, i, desc ) should pass
ok 347 - cast_context_is( src, targ, i, desc ) should have the proper description
ok 348 - cast_context_is( src, targ, i, desc ) should have the proper diagnostics
ok 349 - cast_context_is( src, targ, IMPL, desc ) should pass
ok 350 - cast_context_is( src, targ, IMPL, desc ) should have the proper description
ok 351 - cast_context_is( src, targ, IMPL, desc ) should have the proper diagnostics
ok 352 - cast_context_is( src, targ, assignment, desc ) should pass
ok 353 - cast_context_is( src, targ, assignment, desc ) should have the proper description
ok 354 - cast_context_is( src, targ, assignment, desc ) should have the proper diagnostics
ok 355 - cast_context_is( src, targ, a, desc ) should pass
ok 356 - cast_context_is( src, targ, a, desc ) should have the proper description
ok 357 - cast_context_is( src, targ, a, desc ) should have the proper diagnostics
ok 358 - cast_context_is( src, targ, ASS, desc ) should pass
ok 359 - cast_context_is( src, targ, ASS, desc ) should have the proper description
ok 360 - cast_context_is( src, targ, ASS, desc ) should have the proper diagnostics
ok 361 - cast_context_is( src, targ, explicit, desc ) should pass
ok 362 - cast_context_is( src, targ, explicit, desc ) should have the proper description
ok 363 - cast_context_is( src, targ, explicit, desc ) should have the proper diagnostics
ok 364 - cast_context_is( src, targ, e, desc ) should pass
ok 365 - cast_context_is( src, targ, e, desc ) should have the proper description
ok 366 - cast_context_is( src, targ, e, desc ) should have the proper diagnostics
ok 367 - cast_context_is( src, targ, EX, desc ) should pass
ok 368 - cast_context_is( src, targ, EX, desc ) should have the proper description
ok 369 - cast_context_is( src, targ, EX, desc ) should have the proper diagnostics
ok 370 - cast_context_is( src, targ, context, desc ) fail should fail
ok 371 - cast_context_is( src, targ, context, desc ) fail should have the proper description
ok 372 - cast_context_is( src, targ, context, desc ) fail should have the proper diagnostics
ok 373 - cast_context_is( src, targ, context ) fail should fail
ok 374 - cast_context_is( src, targ, context ) fail should have the proper description
ok 375 - cast_context_is( src, targ, context ) fail should have the proper diagnostics
ok 376 - cast_context_is( src, targ, context, desc ) noexist should fail
ok 377 - cast_context_is( src, targ, context, desc ) noexist should have the proper description
ok 378 - cast_context_is( src, targ, context, desc ) noexist should have the proper diagnostics
ok 379 - has_operator( left, schema, name, right, result, desc ) should pass
ok 380 - has_operator( left, schema, name, right, result, desc ) should have the proper description
ok 381 - has_operator( left, schema, name, right, result, desc ) should have the proper diagnostics
ok 382 - has_operator( left, schema, name, right, result ) should pass
ok 383 - has_operator( left, schema, name, right, result ) should have the proper description
ok 384 - has_operator( left, schema, name, right, result ) should have the proper diagnostics
ok 385 - has_operator( left, name, right, result, desc ) should pass
ok 386 - has_operator( left, name, right, result, desc ) should have the proper description
ok 387 - has_operator( left, name, right, result, desc ) should have the proper diagnostics
ok 388 - has_operator( left, name, right, result ) should pass
ok 389 - has_operator( left, name, right, result ) should have the proper description
ok 390 - has_operator( left, name, right, result ) should have the proper diagnostics
ok 391 - has_operator( left, name, right, desc ) should pass
ok 392 - has_operator( left, name, right, desc ) should have the proper description
ok 393 - has_operator( left, name, right, desc ) should have the proper diagnostics
ok 394 - has_operator( left, name, right ) should pass
ok 395 - has_operator( left, name, right ) should have the proper description
ok 396 - has_operator( left, name, right ) should have the proper diagnostics
ok 397 - has_operator( left, schema, name, right, result, desc ) fail should fail
ok 398 - has_operator( left, schema, name, right, result, desc ) fail should have the proper description
ok 399 - has_operator( left, schema, name, right, result, desc ) fail should have the proper diagnostics
ok 400 - has_operator( left, schema, name, right, result ) fail should fail
ok 401 - has_operator( left, schema, name, right, result ) fail should have the proper description
ok 402 - has_operator( left, schema, name, right, result ) fail should have the proper diagnostics
ok 403 - has_operator( left, name, right, result, desc ) fail should fail
ok 404 - has_operator( left, name, right, result, desc ) fail should have the proper description
ok 405 - has_operator( left, name, right, result, desc ) fail should have the proper diagnostics
ok 406 - has_operator( left, name, right, result ) fail should fail
ok 407 - has_operator( left, name, right, result ) fail should have the proper description
ok 408 - has_operator( left, name, right, result ) fail should have the proper diagnostics
ok 409 - has_operator( left, name, right, desc ) fail should fail
ok 410 - has_operator( left, name, right, desc ) fail should have the proper description
ok 411 - has_operator( left, name, right, desc ) fail should have the proper diagnostics
ok 412 - has_operator( left, name, right ) fail should fail
ok 413 - has_operator( left, name, right ) fail should have the proper description
ok 414 - has_operator( left, name, right ) fail should have the proper diagnostics
ok 415 - has_leftop( schema, name, right, result, desc ) should pass
ok 416 - has_leftop( schema, name, right, result, desc ) should have the proper description
ok 417 - has_leftop( schema, name, right, result, desc ) should have the proper diagnostics
ok 418 - has_leftop( schema, name, right, result ) should pass
ok 419 - has_leftop( schema, name, right, result ) should have the proper description
ok 420 - has_leftop( schema, name, right, result ) should have the proper diagnostics
ok 421 - has_leftop( name, right, result, desc ) should pass
ok 422 - has_leftop( name, right, result, desc ) should have the proper description
ok 423 - has_leftop( name, right, result, desc ) should have the proper diagnostics
ok 424 - has_leftop( name, right, result ) should pass
ok 425 - has_leftop( name, right, result ) should have the proper description
ok 426 - has_leftop( name, right, result ) should have the proper diagnostics
ok 427 - has_leftop( name, right, desc ) should pass
ok 428 - has_leftop( name, right, desc ) should have the proper description
ok 429 - has_leftop( name, right, desc ) should have the proper diagnostics
ok 430 - has_leftop( name, right ) should pass
ok 431 - has_leftop( name, right ) should have the proper description
ok 432 - has_leftop( name, right ) should have the proper diagnostics
ok 433 - has_leftop( schema, name, right, result, desc ) fail should fail
ok 434 - has_leftop( schema, name, right, result, desc ) fail should have the proper description
ok 435 - has_leftop( schema, name, right, result, desc ) fail should have the proper diagnostics
ok 436 - has_leftop( schema, name, right, result ) fail should fail
ok 437 - has_leftop( schema, name, right, result ) fail should have the proper description
ok 438 - has_leftop( schema, name, right, result ) fail should have the proper diagnostics
ok 439 - has_leftop( name, right, result, desc ) fail should fail
ok 440 - has_leftop( name, right, result, desc ) fail should have the proper description
ok 441 - has_leftop( name, right, result, desc ) fail should have the proper diagnostics
ok 442 - has_leftop( name, right, result ) fail should fail
ok 443 - has_leftop( name, right, result ) fail should have the proper description
ok 444 - has_leftop( name, right, result ) fail should have the proper diagnostics
ok 445 - has_leftop( name, right, desc ) fail should fail
ok 446 - has_leftop( name, right, desc ) fail should have the proper description
ok 447 - has_leftop( name, right, desc ) fail should have the proper diagnostics
ok 448 - has_leftop( name, right ) fail should fail
ok 449 - has_leftop( name, right ) fail should have the proper description
ok 450 - has_leftop( name, right ) fail should have the proper diagnostics
ok 451 - has_rightop( left, schema, name, result, desc ) should pass
ok 452 - has_rightop( left, schema, name, result, desc ) should have the proper description
ok 453 - has_rightop( left, schema, name, result, desc ) should have the proper diagnostics
ok 454 - has_rightop( left, schema, name, result ) should pass
ok 455 - has_rightop( left, schema, name, result ) should have the proper description
ok 456 - has_rightop( left, schema, name, result ) should have the proper diagnostics
ok 457 - has_rightop( left, name, result, desc ) should pass
ok 458 - has_rightop( left, name, result, desc ) should have the proper description
ok 459 - has_rightop( left, name, result, desc ) should have the proper diagnostics
ok 460 - has_rightop( left, name, result ) should pass
ok 461 - has_rightop( left, name, result ) should have the proper description
ok 462 - has_rightop( left, name, result ) should have the proper diagnostics
ok 463 - has_rightop( left, name, desc ) should pass
ok 464 - has_rightop( left, name, desc ) should have the proper description
ok 465 - has_rightop( left, name, desc ) should have the proper diagnostics
ok 466 - has_rightop( left, name ) should pass
ok 467 - has_rightop( left, name ) should have the proper description
ok 468 - has_rightop( left, name ) should have the proper diagnostics
ok 469 - has_rightop( left, schema, name, result, desc ) fail should fail
ok 470 - has_rightop( left, schema, name, result, desc ) fail should have the proper description
ok 471 - has_rightop( left, schema, name, result, desc ) fail should have the proper diagnostics
ok 472 - has_rightop( left, schema, name, result ) fail should fail
ok 473 - has_rightop( left, schema, name, result ) fail should have the proper description
ok 474 - has_rightop( left, schema, name, result ) fail should have the proper diagnostics
ok 475 - has_rightop( left, name, result, desc ) fail should fail
ok 476 - has_rightop( left, name, result, desc ) fail should have the proper description
ok 477 - has_rightop( left, name, result, desc ) fail should have the proper diagnostics
ok 478 - has_rightop( left, name, result ) fail should fail
ok 479 - has_rightop( left, name, result ) fail should have the proper description
ok 480 - has_rightop( left, name, result ) fail should have the proper diagnostics
ok 481 - has_rightop( left, name, desc ) fail should fail
ok 482 - has_rightop( left, name, desc ) fail should have the proper description
ok 483 - has_rightop( left, name, desc ) fail should have the proper diagnostics
ok 484 - has_rightop( left, name ) fail should fail
ok 485 - has_rightop( left, name ) fail should have the proper description
ok 486 - has_rightop( left, name ) fail should have the proper diagnostics
ok 487 - has_language(language) should pass
ok 488 - has_language(language) should have the proper description
ok 489 - has_language(language) should have the proper diagnostics
ok 490 - has_language(language, desc) should pass
ok 491 - has_language(language, desc) should have the proper description
ok 492 - has_language(language, desc) should have the proper diagnostics
ok 493 - has_language(nonexistent language) should fail
ok 494 - has_language(nonexistent language) should have the proper description
ok 495 - has_language(nonexistent language) should have the proper diagnostics
ok 496 - has_language(nonexistent language, desc) should fail
ok 497 - has_language(nonexistent language, desc) should have the proper description
ok 498 - has_language(nonexistent language, desc) should have the proper diagnostics
ok 499 - hasnt_language(language) should fail
ok 500 - hasnt_language(language) should have the proper description
ok 501 - hasnt_language(language) should have the proper diagnostics
ok 502 - hasnt_language(language, desc) should fail
ok 503 - hasnt_language(language, desc) should have the proper description
ok 504 - hasnt_language(language, desc) should have the proper diagnostics
ok 505 - hasnt_language(nonexistent language) should pass
ok 506 - hasnt_language(nonexistent language) should have the proper description
ok 507 - hasnt_language(nonexistent language) should have the proper diagnostics
ok 508 - hasnt_language(nonexistent language, desc) should pass
ok 509 - hasnt_language(nonexistent language, desc) should have the proper description
ok 510 - hasnt_language(nonexistent language, desc) should have the proper diagnostics
ok 511 - language_is_trusted(language, desc) should pass
ok 512 - language_is_trusted(language, desc) should have the proper description
ok 513 - language_is_trusted(language, desc) should have the proper diagnostics
ok 514 - language_is_trusted(language) should pass
ok 515 - language_is_trusted(language) should have the proper description
ok 516 - language_is_trusted(language) should have the proper diagnostics
ok 517 - language_is_trusted(language, desc) fail should fail
ok 518 - language_is_trusted(language, desc) fail should have the proper description
ok 519 - language_is_trusted(language, desc) fail should have the proper diagnostics
ok 520 - language_is_trusted(language, desc) non-existent should fail
ok 521 - language_is_trusted(language, desc) non-existent should have the proper description
ok 522 - language_is_trusted(language, desc) non-existent should have the proper diagnostics
ok 523 - has_opclass( schema, name, desc ) should pass
ok 524 - has_opclass( schema, name, desc ) should have the proper description
ok 525 - has_opclass( schema, name, desc ) should have the proper diagnostics
ok 526 - has_opclass( schema, name ) should pass
ok 527 - has_opclass( schema, name ) should have the proper description
ok 528 - has_opclass( schema, name ) should have the proper diagnostics
ok 529 - has_opclass( name, desc ) should pass
ok 530 - has_opclass( name, desc ) should have the proper description
ok 531 - has_opclass( name, desc ) should have the proper diagnostics
ok 532 - has_opclass( name ) should pass
ok 533 - has_opclass( name ) should have the proper description
ok 534 - has_opclass( name ) should have the proper diagnostics
ok 535 - has_opclass( schema, name, desc ) fail should fail
ok 536 - has_opclass( schema, name, desc ) fail should have the proper description
ok 537 - has_opclass( schema, name, desc ) fail should have the proper diagnostics
ok 538 - has_opclass( name, desc ) fail should fail
ok 539 - has_opclass( name, desc ) fail should have the proper description
ok 540 - has_opclass( name, desc ) fail should have the proper diagnostics
ok 541 - hasnt_opclass( schema, name, desc ) should fail
ok 542 - hasnt_opclass( schema, name, desc ) should have the proper description
ok 543 - hasnt_opclass( schema, name, desc ) should have the proper diagnostics
ok 544 - hasnt_opclass( schema, name ) should fail
ok 545 - hasnt_opclass( schema, name ) should have the proper description
ok 546 - hasnt_opclass( schema, name ) should have the proper diagnostics
ok 547 - hasnt_opclass( name, desc ) should fail
ok 548 - hasnt_opclass( name, desc ) should have the proper description
ok 549 - hasnt_opclass( name, desc ) should have the proper diagnostics
ok 550 - hasnt_opclass( name ) should fail
ok 551 - hasnt_opclass( name ) should have the proper description
ok 552 - hasnt_opclass( name ) should have the proper diagnostics
ok 553 - hasnt_opclass( schema, name, desc ) fail should pass
ok 554 - hasnt_opclass( schema, name, desc ) fail should have the proper description
ok 555 - hasnt_opclass( schema, name, desc ) fail should have the proper diagnostics
ok 556 - hasnt_opclass( name, desc ) fail should pass
ok 557 - hasnt_opclass( name, desc ) fail should have the proper description
ok 558 - hasnt_opclass( name, desc ) fail should have the proper diagnostics
