\unset ECHO
1..37
ok 1 - My pass() passed, w00t!
ok 2 - Testing fail()
ok 3 - We should get the proper output from fail()
ok 4 - The output of finish() should reflect the test failure
ok 5 - We should have one failure
ok 6 - We should now have no failures
ok 7 - diag() should work properly
ok 8 - multiline diag() should work properly
ok 9 - multiline diag() should work properly with existing comments
ok 10 - no_plan() should have stored a plan of 0
ok 11 - Set the plan to 4000
ok 12 - The output of finish() should reflect a high test plan
ok 13 - Set the plan to 4
ok 14 - The output of finish() should reflect a low test plan
ok 15 - Reset the plan
ok 16 - plan() should have stored the test count
ok 17 - ok(true) should pass
ok 18 - ok(true) should have the proper description
ok 19 - ok(true) should have the proper diagnostics
ok 20 - ok(true, '') should pass
ok 21 - ok(true, '') should have the proper description
ok 22 - ok(true, '') should have the proper diagnostics
ok 23 - ok(true, 'foo') should pass
ok 24 - ok(true, 'foo') should have the proper description
ok 25 - ok(true, 'foo') should have the proper diagnostics
ok 26 - ok(false) should fail
ok 27 - ok(false) should have the proper description
ok 28 - ok(false) should have the proper diagnostics
ok 29 - ok(false, '') should fail
ok 30 - ok(false, '') should have the proper description
ok 31 - ok(false, '') should have the proper diagnostics
ok 32 - ok(false, 'foo') should fail
ok 33 - ok(false, 'foo') should have the proper description
ok 34 - ok(false, 'foo') should have the proper diagnostics
ok 35 - multiline desc should pass
ok 36 - multiline desc should have the proper description
ok 37 - multiline desc should have the proper diagnostics
