-- Tests for nlssort
\set ECHO none
psql:orafunc.sql:1946: NOTICE:  type "varchar2" is not yet defined
DETAIL:  Creating a shell type definition.
psql:orafunc.sql:1953: NOTICE:  argument type varchar2 is only a shell
psql:orafunc.sql:1967: NOTICE:  return type varchar2 is only a shell
psql:orafunc.sql:1974: NOTICE:  argument type varchar2 is only a shell
psql:orafunc.sql:1995: NOTICE:  argument type varchar2 is only a shell
psql:orafunc.sql:1995: NOTICE:  return type varchar2 is only a shell
psql:orafunc.sql:2148: NOTICE:  type "nvarchar2" is not yet defined
DETAIL:  Creating a shell type definition.
psql:orafunc.sql:2155: NOTICE:  argument type nvarchar2 is only a shell
psql:orafunc.sql:2169: NOTICE:  return type nvarchar2 is only a shell
psql:orafunc.sql:2176: NOTICE:  argument type nvarchar2 is only a shell
psql:orafunc.sql:2197: NOTICE:  argument type nvarchar2 is only a shell
psql:orafunc.sql:2197: NOTICE:  return type nvarchar2 is only a shell
  name  
--------
 brown
 Purple
 red
 yellow
(4 rows)

  name  
--------
 Purple
 brown
 red
 yellow
(4 rows)

 set_nls_sort 
--------------
 
(1 row)

ERROR:  failed to set the requested LC_COLLATE value [invalid]
CONTEXT:  SQL function "nlssort" statement 1
 set_nls_sort 
--------------
 
(1 row)

  name  
--------
 Purple
 brown
 red
 yellow
(4 rows)

 set_nls_sort 
--------------
 
(1 row)

  name  
--------
 brown
 Purple
 red
 yellow
(4 rows)

  name  
--------
 brown
 Purple
 red
 yellow
 
(5 rows)

