--
-- test built-in date type oracle compatibility functions
--
SELECT add_months ('2003-08-01', 3);
 add_months 
------------
 2003-11-01
(1 row)

SELECT add_months ('2003-08-01', -3);
 add_months 
------------
 2003-05-01
(1 row)

SELECT add_months ('2003-08-21', -3);
 add_months 
------------
 2003-05-21
(1 row)

SELECT add_months ('2003-01-31', 1);
 add_months 
------------
 2003-02-28
(1 row)

SELECT last_day (to_date('2003/03/15', 'yyyy/mm/dd'));
  last_day  
------------
 2003-03-31
(1 row)

SELECT last_day (to_date('2003/02/03', 'yyyy/mm/dd'));
  last_day  
------------
 2003-02-28
(1 row)

SELECT last_day (to_date('2004/02/03', 'yyyy/mm/dd'));
  last_day  
------------
 2004-02-29
(1 row)

SELECT next_day ('2003-08-01', 'TUESDAY');
  next_day  
------------
 2003-08-05
(1 row)

SELECT next_day ('2003-08-06', 'WEDNESDAY');
  next_day  
------------
 2003-08-13
(1 row)

SELECT next_day ('2003-08-06', 'SUNDAY');
  next_day  
------------
 2003-08-10
(1 row)

SELECT months_between (to_date ('2003/01/01', 'yyyy/mm/dd'), to_date ('2003/03/14', 'yyyy/mm/dd'));
  months_between   
-------------------
 -2.41935483870968
(1 row)

SELECT months_between (to_date ('2003/07/01', 'yyyy/mm/dd'), to_date ('2003/03/14', 'yyyy/mm/dd'));
  months_between  
------------------
 3.58064516129032
(1 row)

SELECT months_between (to_date ('2003/07/02', 'yyyy/mm/dd'), to_date ('2003/07/02', 'yyyy/mm/dd'));
 months_between 
----------------
              0
(1 row)

SELECT months_between (to_date ('2003/08/02', 'yyyy/mm/dd'), to_date ('2003/06/02', 'yyyy/mm/dd'));
 months_between 
----------------
              2
(1 row)

