\unset ECHO
1..18
ok 1 - simple select should pass
ok 2 - simple select should have the proper description
ok 3 - simple select should have the proper diagnostics
ok 4 - simple select no desc should pass
ok 5 - simple select no desc should have the proper description
ok 6 - simple select no desc should have the proper diagnostics
ok 7 - simple select numeric should pass
ok 8 - simple select numeric should have the proper description
ok 9 - simple select numeric should have the proper diagnostics
ok 10 - simple select fail should fail
ok 11 - simple select fail should have the proper description
ok 12 - simple select fail should have the proper diagnostics
ok 13 - simple select no desc fail should fail
ok 14 - simple select no desc fail should have the proper description
ok 15 - simple select no desc fail should have the proper diagnostics
ok 16 - simple select no desc numeric fail should fail
ok 17 - simple select no desc numeric fail should have the proper description
ok 18 - simple select no desc numeric fail should have the proper diagnostics
