\set ECHO
1..143
ok 1 - My pass() passed, w00t!
ok 2 - Testing fail()
ok 3 - We should get the proper output from fail()
ok 4 - The output of finish() should reflect the test failure
ok 5 - We should have one failure
ok 6 - We should now have no failures
ok 7 - diag() should work properly
ok 8 - multiline diag() should work properly
ok 9 - multiline diag() should work properly with existing comments
ok 10 - no_plan() should have stored a plan of 0
ok 11 - Set the plan to 4000
ok 12 - The output of finish() should reflect a high test plan
ok 13 - Set the plan to 4
ok 14 - The output of finish() should reflect a low test plan
ok 15 - Reset the plan
ok 16 - plan() should have stored the test count
ok 17 - ok() success
ok 18 - ok(true) should work
ok 19 - ok() success 2
ok 20 - ok(true, '') should work
ok 21 - ok() success 3
ok 22 - ok(true, 'foo') should work
ok 23 - ok() failure
ok 24 - ok(false) should work
ok 25 - ok() failure 2
ok 26 - ok(false, '') should work
ok 27 - ok() failure 3
ok 28 - ok(false, 'foo') should work
ok 29 - is() success
ok 30 - isa(1, 1) should work
ok 31 - is() success 2
ok 32 - is('x', 'x') should work
ok 33 - is() success 3
ok 34 - is(1.1, 1.10) should work
ok 35 - is() success 4
ok 36 - is(1.1, 1.10) should work
ok 37 - is() success 5
ok 38 - is(true, true) should work
ok 39 - is() success 6
ok 40 - is(false, false) should work
ok 41 - is() success 7
ok 42 - is(1, 1, 'foo') should work
ok 43 - is() failure
ok 44 - is(1, 2) should work
ok 45 - isnt() success
ok 46 - isnt(1, 2) should work
ok 47 - isnt() failure
ok 48 - is(1, 2) should work
ok 49 - is() should work with psql variables
ok 50 - matches() should work
ok 51 - matches() should work with a regex
ok 52 - imatches() should work with a regex
ok 53 - matches() failure
ok 54 - Check matches diagnostics
ok 55 - doesnt_match() should work
ok 56 - doesnt_match() should work with a regex
ok 57 - doesnt_imatch() should work with a regex
ok 58 - doesnt_match() failure
ok 59 - doesnt_match() should work
ok 60 - alike() should work
ok 61 - alike() should work with a regex
ok 62 - ialike() should work with a regex
ok 63 - alike() failure
ok 64 - Check alike diagnostics
ok 65 - unalike() should work
ok 66 - unalike() should work with a regex
ok 67 - iunalike() should work with a regex
ok 68 - unalike() failure
ok 69 - Check unalike diagnostics
ok 70 - throws_ok(1/0) should work
ok 71 - throws_ok failure diagnostics
ok 72 - We should get the proper diagnostics from throws_ok()
ok 73 - throws_ok(1/0, NULL) should work
ok 74 - throws_ok failure diagnostics
ok 75 - We should get the proper diagnostics from throws_ok() with a NULL error code
ok 76 - lives_ok() should work
ok 77 - lives_ok failure diagnostics
ok 78 - We should get the proper diagnostics for a lives_ok() failure
ok 79 - lives_ok is ok
ok 80 - multiline desriptions should have subsequent lines escaped
ok 81 - todo fail
ok 82 - todo pass
ok 83 - TODO tests should display properly
ok 84 - has_table(table) fail
ok 85 - has_table(table) should fail for non-existent table
ok 86 - has_table(table, desc) fail
ok 87 - has_table(table, dessc) should fail for non-existent table
ok 88 - has_table(schema, table, desc) fail
ok 89 - has_table(schema, table, desc) should fail for non-existent table
ok 90 - has_table(table, desc) pass
ok 91 - has_table(table, desc) should pass for an existing table
ok 92 - has_table(schema, table, desc) pass
ok 93 - has_table(schema, table, desc) should pass for an existing table
ok 94 - has_view(view) fail
ok 95 - has_view(view) should fail for non-existent view
ok 96 - has_view(view, desc) fail
ok 97 - has_view(view, desc) should fail for non-existent view
ok 98 - has_view(schema, view, desc) fail
ok 99 - has_view(schema, view, desc) should fail for non-existent view
ok 100 - has_view(view, desc) pass
ok 101 - has_view(view, desc) should pass for an existing view
ok 102 - has_view(schema, view, desc) pass
ok 103 - has_view(schema, view, desc) should pass for an existing view
ok 104 - has_column(table, column) fail
ok 105 - has_column(table, column) should fail for non-existent table
ok 106 - has_column(table, column, desc) fail
ok 107 - has_column(table, column, desc) should fail for non-existent table
ok 108 - has_column(schema, table, column, desc) fail
ok 109 - has_column(schema, table, column, desc) should fail for non-existent table
ok 110 - has_column(table, column) pass
ok 111 - has_column(table, column) should pass for an existing column
ok 112 - has_column(schema, column, desc) pass
ok 113 - has_column(schema, table, column, desc) should pass for an existing view column
ok 114 - testing col_not_null( schema, table, column, desc )
ok 115 - col_not_null( schema, table, column, desc ) should work
ok 116 - testing col_not_null( table, column, desc )
ok 117 - col_not_null( table, column, desc ) should work
ok 118 - testing col_not_null( schema, table, column, desc )
ok 119 - col_not_null( table, column ) should work
ok 120 - testing col_not_null( schema, table, column, desc )
ok 121 - col_not_null( table, column ) should properly fail
ok 122 - testing col_is_null( schema, table, column, desc )
ok 123 - col_is_null( schema, table, column, desc ) should work
ok 124 - testing col_is_null( table, column, desc )
ok 125 - col_is_null( table, column, desc ) should work
ok 126 - testing col_is_null( schema, table, column, desc )
ok 127 - col_is_null( table, column ) should work
ok 128 - testing col_is_null( schema, table, column, desc )
ok 129 - col_is_null( table, column ) should properly fail
ok 130 - testing col_type_is( schema, table, column, type, desc )
ok 131 - col_type_is( schema, table, column, type, desc ) should work
ok 132 - testing col_type_is( table, column, type, desc )
ok 133 - col_type_is( table, column, type, desc ) should work
ok 134 - testing col_type_is( table, column, type )
ok 135 - col_type_is( table, column, type ) should work
ok 136 - testing col_type_is( table, column, type ) case-insensitively
ok 137 - col_type_is( table, column, type ) should work case-insensitively
ok 138 - testing col_type_is( table, column, type ) failure
ok 139 - col_type_is( table, column, type ) should fail with proper diagnostics
ok 140 - testing col_type_is( schema, table, column, type(precision,scale), description )
ok 141 - col_type_is( schema, table, column, type, precision(scale,description) should work
ok 142 - col_type_is( table, column, type, precision, desc ) fail
ok 143 - col_type_is with precision should have nice diagnostics
