\unset ECHO
1..66
ok 1 - has_rule(schema, table, rule, desc) should pass
ok 2 - has_rule(schema, table, rule, desc) should have the proper description
ok 3 - has_rule(schema, table, rule, desc) should have the proper diagnostics
ok 4 - has_rule(schema, table, rule) should pass
ok 5 - has_rule(schema, table, rule) should have the proper description
ok 6 - has_rule(schema, table, rule) should have the proper diagnostics
ok 7 - has_rule(schema, table, rule, desc) fail should fail
ok 8 - has_rule(schema, table, rule, desc) fail should have the proper description
ok 9 - has_rule(schema, table, rule, desc) fail should have the proper diagnostics
ok 10 - has_rule(table, rule, desc) should pass
ok 11 - has_rule(table, rule, desc) should have the proper description
ok 12 - has_rule(table, rule, desc) should have the proper diagnostics
ok 13 - has_rule(table, rule) should pass
ok 14 - has_rule(table, rule) should have the proper description
ok 15 - has_rule(table, rule) should have the proper diagnostics
ok 16 - has_rule(table, rule, desc) fail should fail
ok 17 - has_rule(table, rule, desc) fail should have the proper description
ok 18 - has_rule(table, rule, desc) fail should have the proper diagnostics
ok 19 - hasnt_rule(schema, table, rule, desc) should fail
ok 20 - hasnt_rule(schema, table, rule, desc) should have the proper description
ok 21 - hasnt_rule(schema, table, rule, desc) should have the proper diagnostics
ok 22 - hasnt_rule(schema, table, rule) should fail
ok 23 - hasnt_rule(schema, table, rule) should have the proper description
ok 24 - hasnt_rule(schema, table, rule) should have the proper diagnostics
ok 25 - hasnt_rule(schema, table, rule, desc) fail should pass
ok 26 - hasnt_rule(schema, table, rule, desc) fail should have the proper description
ok 27 - hasnt_rule(schema, table, rule, desc) fail should have the proper diagnostics
ok 28 - hasnt_rule(table, rule, desc) should fail
ok 29 - hasnt_rule(table, rule, desc) should have the proper description
ok 30 - hasnt_rule(table, rule, desc) should have the proper diagnostics
ok 31 - hasnt_rule(table, rule) should fail
ok 32 - hasnt_rule(table, rule) should have the proper description
ok 33 - hasnt_rule(table, rule) should have the proper diagnostics
ok 34 - hasnt_rule(table, rule, desc) fail should pass
ok 35 - hasnt_rule(table, rule, desc) fail should have the proper description
ok 36 - hasnt_rule(table, rule, desc) fail should have the proper diagnostics
ok 37 - rule_is_instead(schema, table, rule, desc) should pass
ok 38 - rule_is_instead(schema, table, rule, desc) should have the proper description
ok 39 - rule_is_instead(schema, table, rule, desc) should have the proper diagnostics
ok 40 - rule_is_instead(schema, table, rule) should pass
ok 41 - rule_is_instead(schema, table, rule) should have the proper description
ok 42 - rule_is_instead(schema, table, rule) should have the proper diagnostics
ok 43 - rule_is_instead(schema, table, nothing rule, desc) should fail
ok 44 - rule_is_instead(schema, table, nothing rule, desc) should have the proper description
ok 45 - rule_is_instead(schema, table, nothing rule, desc) should have the proper diagnostics
ok 46 - rule_is_instead(schema, table, also rule, desc) should fail
ok 47 - rule_is_instead(schema, table, also rule, desc) should have the proper description
ok 48 - rule_is_instead(schema, table, also rule, desc) should have the proper diagnostics
ok 49 - rule_is_instead(table, rule, desc) should pass
ok 50 - rule_is_instead(table, rule, desc) should have the proper description
ok 51 - rule_is_instead(table, rule, desc) should have the proper diagnostics
ok 52 - rule_is_instead(table, rule) should pass
ok 53 - rule_is_instead(table, rule) should have the proper description
ok 54 - rule_is_instead(table, rule) should have the proper diagnostics
ok 55 - rule_is_instead(table, nothing rule, desc) should fail
ok 56 - rule_is_instead(table, nothing rule, desc) should have the proper description
ok 57 - rule_is_instead(table, nothing rule, desc) should have the proper diagnostics
ok 58 - rule_is_instead(table, also rule, desc) should fail
ok 59 - rule_is_instead(table, also rule, desc) should have the proper description
ok 60 - rule_is_instead(table, also rule, desc) should have the proper diagnostics
ok 61 - rule_is_instead(schema, table, non-existent rule, desc) should fail
ok 62 - rule_is_instead(schema, table, non-existent rule, desc) should have the proper description
ok 63 - rule_is_instead(schema, table, non-existent rule, desc) should have the proper diagnostics
ok 64 - rule_is_instead(table, non-existent rule, desc) should fail
ok 65 - rule_is_instead(table, non-existent rule, desc) should have the proper description
ok 66 - rule_is_instead(table, non-existent rule, desc) should have the proper diagnostics
