\unset ECHO
1..11
ok 1 - throws_ok(1/0) should work
ok 2 - throws_ok failure diagnostics
ok 3 - We should get the proper diagnostics from throws_ok()
ok 4 - throws_ok(1/0, NULL) should work
ok 5 - throws_ok failure diagnostics
ok 6 - We should get the proper diagnostics from throws_ok() with a NULL error code
ok 7 - lives_ok() should work
ok 8 - lives_ok failure diagnostics
ok 9 - We should get the proper diagnostics for a lives_ok() failure
ok 10 - lives_ok is ok
ok 11 - multiline desriptions should have subsequent lines escaped
