\unset ECHO
1..30
ok 1 - pg_type(int) should work
ok 2 - pg_type(numeric) should work
ok 3 - pg_type(text) should work
ok 4 - pg_version() should return text
ok 5 - pg_version() should return same as "server_version" setting
ok 6 - pg_version() should work
ok 7 - pg_version() should return same as "server_version" setting
ok 8 - pg_version_num() should return integer
ok 9 - pg_version_num() should be correct
ok 10 - os_name() should output something like an OS name
ok 11 - findfincs() should return distinct values
ok 12 - pgtap_version() should work
ok 13 - collect_tap(text[]) should simply collect tap
ok 14 - variadic collect_tap() should simply collect tap
ok 15 - display_type(int4)
ok 16 - display_type(numeric)
ok 17 - display_type(numeric, typmod)
ok 18 - display_type("char")
ok 19 - display_type(char)
ok 20 - display_type(timestamp)
ok 21 - display_type(timestamptz)
ok 22 - display_type(foo, int4)
ok 23 - display_type(HEY, numeric)
ok 24 - display_type(t z, int4)
ok 25 - display type_type(text)
ok 26 - display_type(__foo.goofy)
ok 27 - display_type(__foo."this.that")
ok 28 - display_type(__foo."this"".that")
ok 29 - display_type(__foo."hey"".yoman", 13)
ok 30 - display_type("try.this""", 42)
