CREATE EXTENSION pg_stat_monitor;
SELECT pg_stat_monitor_reset();
 pg_stat_monitor_reset 
-----------------------
 
(1 row)

SELECT name, setting, unit, context, vartype, source, min_val, max_val, enumvals, boot_val, reset_val, pending_restart FROM pg_settings WHERE name='pg_stat_monitor.pgsm_overflow_target';
                 name                 | setting | unit |  context   | vartype |       source       | min_val | max_val | enumvals | boot_val | reset_val | pending_restart 
--------------------------------------+---------+------+------------+---------+--------------------+---------+---------+----------+----------+-----------+-----------------
 pg_stat_monitor.pgsm_overflow_target | 0       |      | postmaster | integer | configuration file | 0       | 1       |          | 1        | 0         | f
(1 row)

SELECT pg_stat_monitor_reset();
 pg_stat_monitor_reset 
-----------------------
 
(1 row)

SELECT name, setting, unit, context, vartype, source, min_val, max_val, enumvals, boot_val, reset_val, pending_restart FROM pg_settings WHERE name='pg_stat_monitor.pgsm_overflow_target';
                 name                 | setting | unit |  context   | vartype |       source       | min_val | max_val | enumvals | boot_val | reset_val | pending_restart 
--------------------------------------+---------+------+------------+---------+--------------------+---------+---------+----------+----------+-----------+-----------------
 pg_stat_monitor.pgsm_overflow_target | 1       |      | postmaster | integer | configuration file | 0       | 1       |          | 1        | 1         | f
(1 row)

DROP EXTENSION pg_stat_monitor;
