\unset ECHO
1..28
ok 1 - findfuncs(public, ^test, this) should work
ok 2 - findfuncs(public, ^test) should work
ok 3 - findfuncs(^test, this) should work
ok 4 - findfuncs(^test) should work
# public."test ident"()
ok 5 - ident
ok 6 - ident 2
# public.testplpgsql()
ok 7 - plpgsql simple
ok 8 - plpgsql simple 2
# public.testthis()
ok 10 - another simple pass
ok 9 - simple pass
# public."test ident"()
ok 11 - ident
ok 12 - ident 2
# public.testplpgsql()
ok 13 - plpgsql simple
ok 14 - plpgsql simple 2
# public.testthis()
ok 15 - simple pass
ok 16 - another simple pass
# public."test ident"()
ok 17 - ident
ok 18 - ident 2
# public.testplpgsql()
ok 19 - plpgsql simple
ok 20 - plpgsql simple 2
# public.testthis()
ok 21 - simple pass
ok 22 - another simple pass
# public."test ident"()
ok 23 - ident
ok 24 - ident 2
# public.testplpgsql()
ok 25 - plpgsql simple
ok 26 - plpgsql simple 2
# public.testthis()
ok 27 - simple pass
ok 28 - another simple pass
