\unset ECHO
ok 1 - starting up
ok 2 - starting up some more
    # Subtest: whatever."test ident"()
    ok 1 - setup
    ok 2 - Should be nothing in the test table
    ok 3 - setup more
    ok 4 - ident
    ok 5 - ident 2
    ok 6 - teardown
    ok 7 - teardown more
    1..7
ok 3 - whatever."test ident"
    # Subtest: whatever.testexception()
    ok 1 - setup
    ok 2 - Should be nothing in the test table
    ok 3 - setup more
    # Test died: This test should die, but not halt execution
not ok 4 - whatever.testexception
# Failed test 4: "whatever.testexception"
    # Subtest: whatever.testplpgsql()
    ok 1 - setup
    ok 2 - Should be nothing in the test table
    ok 3 - setup more
    ok 4 - plpgsql simple
    ok 5 - plpgsql simple 2
    ok 6 - Should be a 1 in the test table
    ok 7 - teardown
    ok 8 - teardown more
    1..8
ok 5 - whatever.testplpgsql
    # Subtest: whatever.testthis()
    ok 1 - setup
    ok 2 - Should be nothing in the test table
    ok 3 - setup more
    ok 4 - simple pass
    ok 5 - another simple pass
    ok 6 - teardown
    ok 7 - teardown more
    1..7
ok 6 - whatever.testthis
    # Subtest: whatever.testz()
    ok 1 - setup
    ok 2 - Should be nothing in the test table
    ok 3 - setup more
    ok 4 - Late test should find nothing in the test table
    ok 5 - teardown
    ok 6 - teardown more
    1..6
ok 7 - whatever.testz
ok 8 - shutting down
ok 9 - shutting down more
1..9
# Looks like you failed 1 test of 9
